[www.coca-cola.com.pk/en/home/index.html]
[backblue.gif]
[fade.gif]
[index.html]
[www.coca-cola.com.pk/etc/designs/projectux-coca-cola/main/images/apple-touch-icon-57x57.png]
[www.coca-cola.com.pk/etc/designs/projectux-coca-cola/main/images/apple-touch-icon-114x114.png]
[www.coca-cola.com.pk/etc/designs/projectux-coca-cola/main/images/apple-touch-icon-72x72.png]
[www.coca-cola.com.pk/etc/designs/projectux-coca-cola/main/images/apple-touch-icon-144x144.png]
[www.coca-cola.com.pk/etc/designs/projectux-coca-cola/main/images/apple-touch-icon-60x60.png]
[www.coca-cola.com.pk/etc/designs/projectux-coca-cola/main/images/apple-touch-icon-120x120.png]
[www.coca-cola.com.pk/etc/designs/projectux-coca-cola/main/images/apple-touch-icon-76x76.png]
[www.coca-cola.com.pk/etc/designs/projectux-coca-cola/main/images/apple-touch-icon-152x152.png]
[www.coca-cola.com.pk/etc/designs/projectux-coca-cola/main/images/favicon-196x196.png]
[www.coca-cola.com.pk/etc/designs/projectux-coca-cola/main/images/favicon-160x160.png]
[www.coca-cola.com.pk/etc/designs/projectux-coca-cola/main/images/favicon-96x96.png]
[www.coca-cola.com.pk/etc/designs/projectux-coca-cola/main/images/favicon-16x16.png]
[www.coca-cola.com.pk/etc/designs/projectux-coca-cola/main/images/favicon-32x32.png]
[www.coca-cola.com.pk/etc/designs/projectux-coca-cola/main/images/mstile-144x144.png]
[www.coca-cola.com.pk/etc.clientlibs/clientlibs/granite/jquery.min.js]
[go.s.coke.com/2.1.3/etc/clientlibs/go/lib/Cookie.min.js]
[go.s.coke.com/2.1.3/etc/designs/projectux-coca-cola/main.min.css]
[go.s.coke.com/2.1.3/etc/designs/projectux/clientlib-common/common.min.js]
[www.coca-cola.com.pk/etc/designs/projectux-coca-cola/main/images/logo-home.png]
[www.coca-cola.com.pk/etc/designs/projectux-coca-cola/main/images/logo-small.png]
[go.s.coke.com/2.1.3/etc/designs/projectux/clientlib-common/components/CarouselBillboard.min.js]
[go.s.coke.com/2.1.3/etc/designs/projectux/clientlib-common/components/SocialFeed.min.css]
[go.s.coke.com/2.1.3/etc/designs/projectux/clientlib-common/components/SocialFeed.min.js]
[www.coca-cola.com.pk/etc/designs/projectux-coca-cola/main/images/loading.gif]
[cdn.livefyre.com/Livefyre.js]
[go.s.coke.com/2.1.3/etc/designs/projectux/componentsLib/janrainAuth.min.js]
[www.coca-cola.com.pk/content/dam/GO/coca-cola/shared/social-icons/social-facebook135x135.png]
[www.coca-cola.com.pk/content/dam/GO/coca-cola/shared/social-icons/social-twitter135x135.png]
[www.coca-cola.com.pk/content/dam/GO/coca-cola/shared/social-icons/social-google135x135.png]
[www.coca-cola.com.pk/content/dam/GO/coca-cola/pakistan/updates/optimize/01-coca-cola.png]
[www.coca-cola.com.pk/content/dam/GO/coca-cola/pakistan/updates/optimize/03-sprite.png]
[www.coca-cola.com.pk/content/dam/GO/coca-cola/pakistan/updates/optimize/02-diet-coke.png]
[go.s.coke.com/2.1.3/etc/designs/projectux/main.min.js]
[www.coca-cola.com.pk/content/dam/GO/coca-cola/pakistan/updates/optimize/04-fanta.png]
[www.coca-cola.com.pk/content/dam/GO/coca-cola/pakistan/updates/optimize/logo-footer.png]
[www.coca-cola.com.pk/etc/designs/projectux-coca-cola/main/images/country-picker.png]
[go.s.coke.com/2.1.3/etc/designs/projectux/cookiesjs.min.js]
[www.coca-cola.com.pk/content/dam/GO/coca-cola/shared/social-icons/social-instagram135x135.png]
[go.s.coke.com/2.1.3/etc/clientlibs/go/version.min.js]
[go.s.coke.com/2.1.3/etc/designs/projectux/clientlib-common/common.min.css]
[www.coca-cola.com.pk/en/home/index.html]
[www.coca-cola.com.pk/etc/designs/projectux-coca-cola/main/images/apple-touch-icon-180x180.html]
[www.coca-cola.com.pk/etc/designs/projectux-coca-cola/main/images/favicon-192x192.html]
[cloud.typography.com/6646512/657386/css/fonts.html]
[www.googletagmanager.com/gtm5445.html]
[go.s.coke.com/2.1.3/etc/designs/projectux-coca-cola/main/fonts/ywft-jute.eot]
[go.s.coke.com/2.1.3/etc/designs/projectux-coca-cola/main/fonts/ywft-jute.woff]
[go.s.coke.com/2.1.3/etc/designs/projectux-coca-cola/main/fonts/ywft-juted41d.eot]
[go.s.coke.com/2.1.3/etc/designs/projectux-coca-cola/main/fonts/ywft-jute.ttf]
[go.s.coke.com/2.1.3/etc/designs/projectux-coca-cola/main/fonts/Coke-FMdc4a.eot]
[go.s.coke.com/2.1.3/etc/designs/projectux/footerLibs.min.js]
[go.s.coke.com/2.1.3/etc/designs/projectux-coca-cola/main/fonts/Coke-FMd41d.eot]
[go.s.coke.com/2.1.3/etc/designs/projectux-coca-cola/main/fonts/Coke-FMdc4a.woff]
[go.s.coke.com/2.1.3/etc/designs/projectux-coca-cola/main/fonts/Coke-FMdc4a.ttf]
[go.s.coke.com/2.1.3/etc/designs/projectux-coca-cola/main/fonts/Coke-FMdc4a.svg]
[go.s.coke.com/2.1.3/etc/designs/projectux-coca-cola/main/fonts/FM-Playercd0e.eot]
[go.s.coke.com/2.1.3/etc/designs/projectux-coca-cola/main/fonts/FM-Playerd41d.eot]
[go.s.coke.com/2.1.3/etc/designs/projectux-coca-cola/main/fonts/FM-Playercd0e.woff]
[go.s.coke.com/2.1.3/etc/designs/projectux-coca-cola/main/fonts/FM-Playercd0e.ttf]
[go.s.coke.com/2.1.3/etc/designs/projectux-coca-cola/main/fonts/FM-Playercd0e.svg]
[go.s.coke.com/2.1.3/etc/designs/projectux-coca-cola/main/fonts/cc-god525.eot]
[go.s.coke.com/2.1.3/etc/designs/projectux-coca-cola/main/fonts/cc-god41d.eot]
[go.s.coke.com/2.1.3/etc/designs/projectux-coca-cola/main/fonts/cc-god525.woff]
[go.s.coke.com/2.1.3/etc/designs/projectux-coca-cola/main/fonts/cc-god525.ttf]
[go.s.coke.com/2.1.3/etc/designs/projectux-coca-cola/main/fonts/cc-god525.svg]
[go.s.coke.com/2.1.3/etc/designs/projectux-coca-cola/main/images/btn-badge.png]
[go.s.coke.com/2.1.3/etc/designs/projectux-coca-cola/main/images/btn-pagination-sprite.png]
[go.s.coke.com/2.1.3/etc/designs/projectux-coca-cola/main/images/btn-plus-sprite_2x.png]
[go.s.coke.com/2.1.3/etc/designs/projectux-coca-cola/main/images/btn-close-sprite.png]
[go.s.coke.com/2.1.3/etc/designs/projectux-coca-cola/main/images/bg_direction_nav.png]
[go.s.coke.com/2.1.3/etc/designs/projectux-coca-cola/main/images/bg_direction_nav_left.png]
[go.s.coke.com/2.1.3/etc/designs/projectux-coca-cola/main/images/bg_direction_nav_right.png]
[go.s.coke.com/2.1.3/etc/designs/projectux-coca-cola/main/images/masthead-bg.gif]
[go.s.coke.com/2.1.3/etc/designs/projectux-coca-cola/main/images/masthead-bg-variant.gif]
[go.s.coke.com/2.1.3/etc/designs/projectux-coca-cola/main/images/downselectarrow.png]
[go.s.coke.com/2.1.3/etc/designs/projectux-coca-cola/main/images/sprite-video-play.png]
[go.s.coke.com/2.1.3/etc/designs/projectux-coca-cola/main/images/icon-play-video-thumb.png]
[go.s.coke.com/2.1.3/etc/designs/projectux-coca-cola/main/images/sprite-twitter-actions.png]
[go.s.coke.com/2.1.3/etc/designs/projectux-coca-cola/main/images/sprite-refresh.png]
[go.s.coke.com/2.1.3/etc/designs/projectux-coca-cola/main/images/fancybox_sprite.png]
[go.s.coke.com/2.1.3/etc/designs/projectux-coca-cola/main/images/fancybox_sprite@2x.png]
[go.s.coke.com/2.1.3/etc/designs/projectux-coca-cola/main/images/search-icon@x2.png]
[go.s.coke.com/2.1.3/etc/designs/projectux-coca-cola/main/images/country-navigator-map-gray.png]
[go.s.coke.com/2.1.3/etc/designs/projectux-coca-cola/main/images/country-navigator-map-white.png]
[go.s.coke.com/2.1.3/etc/designs/projectux-coca-cola/main/images/360-button-play.gif]
[go.s.coke.com/2.1.3/etc/designs/projectux-coca-cola/main/images/360-button-play-light.png]
[go.s.coke.com/2.1.3/etc/designs/projectux-coca-cola/main/images/360-button-pause-light.png]
[go.s.coke.com/2.1.3/etc/designs/projectux-coca-cola/main/images/360-button-pause-light.gif]
[go.s.coke.com/2.1.3/etc/designs/projectux-coca-cola/main/images/360-ring-bg.png]
[go.s.coke.com/2.1.3/etc/designs/projectux-coca-cola/main/images/360-button-vis-play-CC.png]
[go.s.coke.com/2.1.3/etc/designs/projectux-coca-cola/main/images/360-button-vis-play-CC.gif]
[go.s.coke.com/2.1.3/etc/designs/projectux-coca-cola/main/images/360-button-vis-play-light-CC.png]
[go.s.coke.com/2.1.3/etc/designs/projectux-coca-cola/main/images/360-button-vis-pause-light-CC.png]
[go.s.coke.com/2.1.3/etc/designs/projectux-coca-cola/main/images/360-button-vis-pause-light-CC.gif]
[go.s.coke.com/2.1.3/etc/designs/projectux-coca-cola/main/images/bg_direction_nav_hover.png]
[go.s.coke.com/2.1.3/etc/designs/projectux-coca-cola/main/images/btn-plus-sprite-SM.png]
[go.s.coke.com/2.1.3/etc/designs/projectux-coca-cola/main/images/btn-minus-sprite-SM.png]
[go.s.coke.com/2.1.3/etc/designs/projectux-coca-cola/main/images/fm-player-background.png]
[go.s.coke.com/2.1.3/etc/designs/projectux-coca-cola/main/fonts/QA9a76.eot]
[go.s.coke.com/2.1.3/etc/designs/projectux-coca-cola/main/fonts/QAd41d.eot]
[go.s.coke.com/2.1.3/etc/designs/projectux-coca-cola/main/fonts/QA9a76.woff]
[go.s.coke.com/2.1.3/etc/designs/projectux-coca-cola/main/fonts/QA9a76.ttf]
[go.s.coke.com/2.1.3/etc/designs/projectux-coca-cola/main/fonts/QA9a76.svg]
[go.s.coke.com/2.1.3/etc/designs/projectux-coca-cola/main/images/cta-button-bg@2x.png]
[go.s.coke.com/2.1.3/etc/designs/projectux-coca-cola/main/images/icon-exclamation.png]
[go.s.coke.com/2.1.3/etc/designs/projectux-coca-cola/main/images/btn-search-black@x2.png]
[go.s.coke.com/2.1.3/etc/designs/projectux-coca-cola/main/images/sprite-refresh-ie.png]
[go.s.coke.com/2.1.3/etc/designs/projectux-coca-cola/main/images/btn-search.png]
[go.s.coke.com/2.1.3/etc/designs/projectux-coca-cola/main/images/btn-search-over.png]
[go.s.coke.com/2.1.3/etc/designs/projectux-coca-cola/main/images/country-navigator-map.gif]
[go.s.coke.com/2.1.3/etc/designs/projectux-coca-cola/main/images/country-navigator-map-gray.gif]
[go.s.coke.com/2.1.3/etc/designs/projectux-coca-cola/main/images/sprite-video-play50pct.png]
[go.s.coke.com/2.1.3/etc/designs/projectux-coca-cola/main.min.css]
[go.s.coke.com/2.1.3/etc/designs/projectux/clientlib-common/components/CarouselBillboard.min.css]
[go.s.coke.com/2.1.3/etc/designs/projectux/clientlib-common/components/SocialFeed.min.css]
[go.s.coke.com/2.1.3/etc/designs/projectux/clientlib-common/common/fonts/awesome/fontawesome-webfont3e6e.woff2]
[go.s.coke.com/2.1.3/etc/designs/projectux/clientlib-common/common/fonts/awesome/fontawesome-webfont3e6e.eot]
[go.s.coke.com/2.1.3/etc/designs/projectux/clientlib-common/common/fonts/awesome/fontawesome-webfontd41d.eot]
[go.s.coke.com/2.1.3/etc/designs/projectux/clientlib-common/common.min.css]
[go.s.coke.com/2.1.3/etc/img/icons/fancybox_sprite.png]
[go.s.coke.com/2.1.3/etc/designs/projectux-coca-cola/main/styles/fancybox_loading.gif]
[go.s.coke.com/2.1.3/etc/designs/projectux-coca-cola/main/styles/blank.gif]
[go.s.coke.com/2.1.3/etc/designs/projectux-coca-cola/main/styles/fancybox_overlay.png]
[go.s.coke.com/2.1.3/etc/img/icons/fancybox_sprite@2x.png]
[go.s.coke.com/2.1.3/etc/designs/projectux-coca-cola/main/styles/fancybox_loading@2x.gif]
[go.s.coke.com/2.1.3/etc/designs/projectux-coca-cola/main/styles/fancybox_buttons.png]
[go.s.coke.com/2.1.3/etc/designs/projectux/clientlib-common/common/fonts/awesome/fontawesome-webfont3e6e.svg]
[go.s.coke.com/2.1.3/etc/designs/projectux-coca-cola/main/fonts/Coke-FMdc4a.svg]
[go.s.coke.com/2.1.3/etc/designs/projectux-coca-cola/main/fonts/FM-Playercd0e.svg]
[go.s.coke.com/2.1.3/etc/designs/projectux-coca-cola/main/fonts/cc-god525.svg]
[go.s.coke.com/2.1.3/etc/designs/projectux-coca-cola/PIE.htc]
[go.s.coke.com/2.1.3/etc/designs/projectux/clientlib-common/common/fonts/awesome/fontawesome-webfont3e6e.woff]
[go.s.coke.com/2.1.3/assets/js/libs/fancybox/source/fancybox_loading.gif]
[go.s.coke.com/2.1.3/assets/js/libs/fancybox/source/fancybox_loading@2x.gif]
[go.s.coke.com/2.1.3/etc/designs/projectux-coca-cola/shared/images/fpo/video-overlay.png]
[go.s.coke.com/2.1.3/etc/designs/projectux-coca-cola/shared/images/fpo/facebook-like.png]
[go.s.coke.com/2.1.3/etc/designs/projectux-coca-cola/main/images/bg_direction_nav-white.png]
[go.s.coke.com/2.1.3/etc/designs/projectux-coca-cola/main/images/sprite-refresh-white.png]
[go.s.coke.com/2.1.3/etc/designs/projectux-coca-cola/main/images/form-check.gif]
[go.s.coke.com/2.1.3/etc/designs/projectux-coca-cola/main/styles/icon_loading_spinner.gif]
[go.s.coke.com/2.1.3/etc/designs/projectux-coca-cola/main/images/logos/coke/logo-coke-tv-2x.png]
[go.s.coke.com/2.1.3/etc/designs/projectux-coca-cola/main/fonts/QA9a76.svg]
[go.s.coke.com/2.1.3/etc/designs/projectux-coca-cola/main/images/arrow-hover1.png]
[go.s.coke.com/2.1.3/etc/designs/projectux-coca-cola/main/images/arrow-hover2.png]
[go.s.coke.com/2.1.3/etc/designs/projectux-coca-cola/main/images/arrow-hover3.png]
[go.s.coke.com/2.1.3/etc/designs/projectux-coca-cola/main/images/arrow-hover4.png]
[go.s.coke.com/2.1.3/etc/designs/projectux-coca-cola/main/images/arrow-hover5.png]
[go.s.coke.com/2.1.3/etc/designs/projectux-coca-cola/main/images/arrow-hover6.png]
[go.s.coke.com/2.1.3/etc/designs/projectux-coca-cola/main/images/carousel-overlay_top.png]
[go.s.coke.com/2.1.3/etc/designs/projectux-coca-cola/main/images/btn-search-white@x2.png]
[go.s.coke.com/2.1.3/etc/designs/projectux-coca-cola/main/images/coke/logo-coke-tv.png]
[go.s.coke.com/2.1.3/etc/designs/projectux-coca-cola/main/fonts/ywft-jute.svg]
[go.s.coke.com/2.1.3/etc/designs/projectux-coca-cola/main/images/360-button-play.png]
[go.s.coke.com/2.1.3/etc/designs/projectux/clientlib-common/common/fonts/awesome/fontawesome-webfont3e6e.ttf]
[go.s.coke.com/2.1.3/etc/designs/projectux/clientlib-common/common/fonts/awesome/fontawesome-webfont3e6e.svg]
[go.s.coke.com/2.1.3/etc/designs/projectux-coca-cola/main/fonts/ywft-jute.svg]
